Copyright 1986-2019 Xilinx, Inc. All Rights Reserved.
---------------------------------------------------------------------------------------------
| Tool Version : Vivado v.2019.2 (win64) Build 2708876 Wed Nov  6 21:40:23 MST 2019
| Date         : Wed May  7 17:15:42 2025
| Host         : Ido running 64-bit major release  (build 9200)
| Command      : report_control_sets -verbose -file design_1_wrapper_control_sets_placed.rpt
| Design       : design_1_wrapper
| Device       : xc7a100t
---------------------------------------------------------------------------------------------

Control Set Information

Table of Contents
-----------------
1. Summary
2. Histogram
3. Flip-Flop Distribution
4. Detailed Control Set Information

1. Summary
----------

+----------------------------------------------------------+-------+
|                          Status                          | Count |
+----------------------------------------------------------+-------+
| Total control sets                                       |    29 |
|    Minimum number of control sets                        |    29 |
|    Addition due to synthesis replication                 |     0 |
|    Addition due to physical synthesis replication        |     0 |
| Unused register locations in slices containing registers |    84 |
+----------------------------------------------------------+-------+
* Control sets can be merged at opt_design using control_set_merge or merge_equivalent_drivers
** Run report_qor_suggestions for automated merging and remapping suggestions


2. Histogram
------------

+--------------------+-------+
|       Fanout       | Count |
+--------------------+-------+
| Total control sets |    29 |
| >= 0 to < 4        |     0 |
| >= 4 to < 6        |     1 |
| >= 6 to < 8        |     0 |
| >= 8 to < 10       |     1 |
| >= 10 to < 12      |     3 |
| >= 12 to < 14      |     3 |
| >= 14 to < 16      |     1 |
| >= 16              |    20 |
+--------------------+-------+
* Control sets can be remapped at either synth_design or opt_design


3. Flip-Flop Distribution
-------------------------

+--------------+-----------------------+------------------------+-----------------+--------------+
| Clock Enable | Synchronous Set/Reset | Asynchronous Set/Reset | Total Registers | Total Slices |
+--------------+-----------------------+------------------------+-----------------+--------------+
| No           | No                    | No                     |             319 |          148 |
| No           | No                    | Yes                    |               0 |            0 |
| No           | Yes                   | No                     |              12 |            3 |
| Yes          | No                    | No                     |             344 |          114 |
| Yes          | No                    | Yes                    |               0 |            0 |
| Yes          | Yes                   | No                     |             273 |           69 |
+--------------+-----------------------+------------------------+-----------------+--------------+


4. Detailed Control Set Information
-----------------------------------

+----------------------------------------------+----------------------------------------------------------------------------+------------------------------------------------------------------------+------------------+----------------+
|                 Clock Signal                 |                                Enable Signal                               |                            Set/Reset Signal                            | Slice Load Count | Bel Load Count |
+----------------------------------------------+----------------------------------------------------------------------------+------------------------------------------------------------------------+------------------+----------------+
|  design_1_i/clk_wiz_0/inst/clk_reg           |                                                                            |                                                                        |                4 |              5 |
|  design_1_i/clk_wiz_0/inst/clk_reg           | design_1_i/ov7670_controller_0/U0/Inst_ov7670_registers/busy_sr_reg[31][0] |                                                                        |                2 |              8 |
|  pclk_IBUF_BUFG                              | design_1_i/ovo_7670_caputre_0/U0/counter_row0                              | camera_v_sync_IBUF                                                     |                3 |             11 |
|  pclk_IBUF_BUFG                              | design_1_i/ovo_7670_caputre_0/U0/p_0_in_0                                  | design_1_i/ovo_7670_caputre_0/U0/counter_col[10]_i_1_n_0               |                2 |             11 |
|  design_1_i/clk_wiz_0/inst/clk_reg           | design_1_i/ov7670_controller_0/U0/Inst_SCCB_sender/busy_sr0                | design_1_i/ov7670_controller_0/U0/Inst_SCCB_sender/data_sr[30]_i_1_n_0 |                2 |             11 |
|  design_1_i/clk_wiz_0/inst/clk_vga           |                                                                            | design_1_i/VGA_TOP_1/U0/vga_timing_inst/eqOp                           |                3 |             12 |
|  design_1_i/clk_wiz_0/inst/clk_vga           | design_1_i/VGA_TOP_1/U0/vga_timing_inst/eqOp                               | design_1_i/VGA_TOP_1/U0/vga_timing_inst/v_cnt_reg                      |                3 |             12 |
|  design_1_i/clk_wiz_0/inst/clk_vga           | design_1_i/VGA_TOP_1/U0/vga_timing_inst/cntl_2[0]                          | design_1_i/VGA_TOP_1/U0/vga_timing_inst/cntl_0[0]                      |                4 |             12 |
|  pclk_IBUF_BUFG                              |                                                                            |                                                                        |                9 |             14 |
|  design_1_i/clk_wiz_0/inst/clk_reg           | design_1_i/ov7670_controller_0/U0/Inst_SCCB_sender/E[0]                    | design_1_i/cntl_0/U0/resend_out                                        |                5 |             16 |
|  pclk_IBUF_BUFG                              | design_1_i/ovo_7670_caputre_0/U0/address                                   | camera_v_sync_IBUF                                                     |                5 |             17 |
|  design_1_i/clk_wiz_0/inst/clk_vga           | design_1_i/VGA_TOP_1/U0/vga_timing_inst/val_tmp                            | design_1_i/VGA_TOP_1/U0/pixel_renderer_inst/SR[0]                      |                5 |             19 |
|  design_1_i/clk_wiz_0/inst/clk_vga           | design_1_i/VGA_TOP_1/U0/vga_timing_inst/E[0]                               | design_1_i/VGA_TOP_1/U0/pixel_renderer_inst/SR[0]                      |                5 |             19 |
|  design_1_i/clk_wiz_0/inst/clk_vga           | design_1_i/VGA_TOP_1/U0/vga_timing_inst/CO[0]                              | design_1_i/VGA_TOP_1/U0/pixel_renderer_inst/SR[0]                      |                5 |             19 |
|  clk_in1_IBUF_BUFG                           |                                                                            |                                                                        |               15 |             20 |
|  design_1_i/clk_wiz_0/inst/clk_reg           | design_1_i/ov7670_controller_0/U0/Inst_SCCB_sender/busy_sr0                |                                                                        |                5 |             21 |
|  pclk_IBUF_BUFG                              | design_1_i/ovo_7670_caputre_0/U0/p_0_in1_in                                |                                                                        |               10 |             28 |
|  clk_in1_IBUF_BUFG                           | design_1_i/BILINEAR_INTERPOLATI_0/U0/v_block0                              | design_1_i/BILINEAR_INTERPOLATI_0/U0/v_block[31]_i_1_n_0               |                8 |             31 |
|  clk_in1_IBUF_BUFG                           | design_1_i/BILINEAR_INTERPOLATI_0/U0/h_block0                              |                                                                        |                8 |             31 |
|  design_1_i/clk_wiz_0/inst/clk_reg           | design_1_i/ov7670_controller_0/U0/Inst_SCCB_sender/busy_sr0                | design_1_i/ov7670_controller_0/U0/Inst_SCCB_sender/busy_sr[31]_i_1_n_0 |                6 |             31 |
|  clk_in1_IBUF_BUFG                           | design_1_i/BILINEAR_INTERPOLATI_0/U0/address_read_sig_reg_i_1_n_0          |                                                                        |                8 |             32 |
|  clk_in1_IBUF_BUFG                           | design_1_i/BILINEAR_INTERPOLATI_0/U0/v_block[31]__0_i_2_n_0                | design_1_i/BILINEAR_INTERPOLATI_0/U0/v_block[31]__0_i_1_n_0            |                8 |             32 |
|  clk_in1_IBUF_BUFG                           | design_1_i/BILINEAR_INTERPOLATI_0/U0/wr_en_sig_d                           | design_1_i/BILINEAR_INTERPOLATI_0/U0/i0                                |                8 |             32 |
|  clk_in1_IBUF_BUFG                           | design_1_i/BILINEAR_INTERPOLATI_0/U0/local_v[0]__0_i_1_n_0                 |                                                                        |                8 |             32 |
|  clk_in1_IBUF_BUFG                           | design_1_i/BILINEAR_INTERPOLATI_0/U0/local_v0                              |                                                                        |                8 |             32 |
|  clk_in1_IBUF_BUFG                           | design_1_i/BILINEAR_INTERPOLATI_0/U0/wr_en_sig_d                           |                                                                        |               20 |             76 |
|  design_1_i/clk_wiz_0/inst/clk_vga           | design_1_i/clk_wiz_0/inst/clk_interpolation                                |                                                                        |               45 |             84 |
|  design_1_i/clk_wiz_0/inst/clk_vga           |                                                                            |                                                                        |               48 |             86 |
|  design_1_i/clk_wiz_0/inst/clk_interpolation |                                                                            |                                                                        |               72 |            194 |
+----------------------------------------------+----------------------------------------------------------------------------+------------------------------------------------------------------------+------------------+----------------+


