#-----------------------------------------------------------
# Vivado v2019.2 (64-bit)
# SW Build 2708876 on Wed Nov  6 21:40:23 MST 2019
# IP Build 2700528 on Thu Nov  7 00:09:20 MST 2019
# Start of session at: Mon Apr 28 17:19:44 2025
# Process ID: 21912
# Current directory: C:/Digital-Zoom-FPGA/OV7670_VGA
# Command line: vivado.exe -gui_launcher_event rodinguilauncherevent10248 C:\Digital-Zoom-FPGA\OV7670_VGA\OV7670_VGA.xpr
# Log file: C:/Digital-Zoom-FPGA/OV7670_VGA/vivado.log
# Journal file: C:/Digital-Zoom-FPGA/OV7670_VGA\vivado.jou
#-----------------------------------------------------------
start_gui
open_project C:/Digital-Zoom-FPGA/OV7670_VGA/OV7670_VGA.xpr
update_module_reference design_1_ov7670_controller_0_0
update_module_reference design_1_cntl_0_0
update_module_reference design_1_ovo_7670_caputre_0_0
update_module_reference design_1_vga_0_0
update_compile_order -fileset sources_1
export_ip_user_files -of_objects  [get_files C:/Digital-Zoom-FPGA/OV7670_VGA/i2c_sender.vhd] -no_script -reset -force -quiet
remove_files  C:/Digital-Zoom-FPGA/OV7670_VGA/i2c_sender.vhd
launch_runs impl_1 -to_step write_bitstream -jobs 6
wait_on_run impl_1
add_files -norecurse -scan_for_includes C:/Digital-Zoom-FPGA-main/OV7670_VGA/OV7670_VGA.srcs/sources_1/new/DIVIDER_UNIT.vhd
import_files -norecurse C:/Digital-Zoom-FPGA-main/OV7670_VGA/OV7670_VGA.srcs/sources_1/new/DIVIDER_UNIT.vhd
update_compile_order -fileset sources_1
set_property SOURCE_SET sources_1 [get_filesets sim_1]
add_files -fileset sim_1 -norecurse -scan_for_includes C:/Digital-Zoom-FPGA-main/OV7670_VGA/OV7670_VGA.srcs/sim_1/new/DIVIDER_UNIT_TB.vhd
import_files -fileset sim_1 -norecurse C:/Digital-Zoom-FPGA-main/OV7670_VGA/OV7670_VGA.srcs/sim_1/new/DIVIDER_UNIT_TB.vhd
update_compile_order -fileset sim_1
open_hw_manager
connect_hw_server -allow_non_jtag
open_hw_target
set_property PROGRAM.FILE {C:/Digital-Zoom-FPGA/OV7670_VGA/OV7670_VGA.runs/impl_1/design_1_wrapper.bit} [get_hw_devices xc7a100t_0]
current_hw_device [get_hw_devices xc7a100t_0]
refresh_hw_device -update_hw_probes false [lindex [get_hw_devices xc7a100t_0] 0]
set_property PROBES.FILE {} [get_hw_devices xc7a100t_0]
set_property FULL_PROBES.FILE {} [get_hw_devices xc7a100t_0]
set_property PROGRAM.FILE {C:/Digital-Zoom-FPGA/OV7670_VGA/OV7670_VGA.runs/impl_1/design_1_wrapper.bit} [get_hw_devices xc7a100t_0]
program_hw_devices [get_hw_devices xc7a100t_0]
refresh_hw_device [lindex [get_hw_devices xc7a100t_0] 0]
